[handleMsg]:  {
  key: {
    remoteJid: '5216442304259@s.whatsapp.net',
    fromMe: false,
    id: '3FE67666147AEDB78DEB',
    participant: undefined
  },
  messageTimestamp: 1729985063,
  pushName: 'José Hinojosa',
  broadcast: false,
  message: Message {
    extendedTextMessage: ExtendedTextMessage { text: 'asd', contextInfo: [ContextInfo] },
    messageContextInfo: MessageContextInfo {
      deviceListMetadata: [DeviceListMetadata],
      deviceListMetadataVersion: 2
    }
  },
  body: 'asd',
  from: '5216442304259'
}
[QUEUE_SE_ENVIO]:  {
  ref: 'ans_4332a529-5be4-4bf3-99b4-7f5a51c45736',
  keyword: 'key_6f7aafdd-a01d-4265-85d3-92aabf3ca1b1',
  answer: '__call_action__',
  options: {
    media: null,
    buttons: [],
    capture: false,
    child: null,
    delay: 0,
    idle: null,
    ref: null,
    nested: [],
    keyword: {},
    callback: true
  },
  refSerialize: '3a1f92c38c7788cd9b104c128a129ece'
}
[QUEUE_SE_ENVIO]:  {
  ref: 'ans_2676d580-e5ae-426b-ba8c-aa7554b79c62',
  keyword: 'ans_4332a529-5be4-4bf3-99b4-7f5a51c45736',
  answer: '__capture_only_intended__',
  options: {
    media: null,
    buttons: [],
    capture: true,
    child: null,
    delay: 0,
    idle: null,
    ref: null,
    nested: [],
    keyword: {},
    callback: true
  },
  refSerialize: 'ebe28676708554282068118ba54393de'
}
[handleMsg]:  {
  key: {
    remoteJid: '5216442304259@s.whatsapp.net',
    fromMe: false,
    id: '3F6C7E5D918AD4D598D6',
    participant: undefined
  },
  messageTimestamp: 1729985064,
  pushName: 'José Hinojosa',
  broadcast: false,
  message: Message {
    extendedTextMessage: ExtendedTextMessage { text: 'x', contextInfo: [ContextInfo] },
    messageContextInfo: MessageContextInfo {
      deviceListMetadata: [DeviceListMetadata],
      deviceListMetadataVersion: 2
    }
  },
  body: 'x',
  from: '5216442304259'
}
[handleMsg]:  {
  key: {
    remoteJid: '5216442304259@s.whatsapp.net',
    fromMe: false,
    id: '3F383A50327CCC65742B',
    participant: undefined
  },
  messageTimestamp: 1729985067,
  pushName: 'José Hinojosa',
  broadcast: false,
  message: Message {
    extendedTextMessage: ExtendedTextMessage { text: 'asd', contextInfo: [ContextInfo] },
    messageContextInfo: MessageContextInfo {
      deviceListMetadata: [DeviceListMetadata],
      deviceListMetadataVersion: 2
    }
  },
  body: 'asd',
  from: '5216442304259'
}
[QUEUE_SE_ENVIO]:  {
  ref: 'ans_4332a529-5be4-4bf3-99b4-7f5a51c45736',
  keyword: 'key_6f7aafdd-a01d-4265-85d3-92aabf3ca1b1',
  answer: '__call_action__',
  options: {
    media: null,
    buttons: [],
    capture: false,
    child: null,
    delay: 0,
    idle: null,
    ref: null,
    nested: [],
    keyword: {},
    callback: true
  },
  refSerialize: '3a1f92c38c7788cd9b104c128a129ece'
}
[QUEUE_SE_ENVIO]:  {
  ref: 'ans_2676d580-e5ae-426b-ba8c-aa7554b79c62',
  keyword: 'ans_4332a529-5be4-4bf3-99b4-7f5a51c45736',
  answer: '__capture_only_intended__',
  options: {
    media: null,
    buttons: [],
    capture: true,
    child: null,
    delay: 0,
    idle: null,
    ref: null,
    nested: [],
    keyword: {},
    callback: true
  },
  refSerialize: 'ebe28676708554282068118ba54393de'
}
[handleMsg]:  {
  key: {
    remoteJid: '5216442304259@s.whatsapp.net',
    fromMe: false,
    id: '3F1DA685E4FD2A6976E0',
    participant: undefined
  },
  messageTimestamp: 1729985072,
  pushName: 'José Hinojosa',
  broadcast: false,
  message: Message {
    extendedTextMessage: ExtendedTextMessage {
      text: 'Contratar servicios',
      contextInfo: [ContextInfo]
    },
    messageContextInfo: MessageContextInfo {
      deviceListMetadata: [DeviceListMetadata],
      deviceListMetadataVersion: 2
    }
  },
  body: 'Contratar servicios',
  from: '5216442304259'
}
